2023-03-30T19:03:51.625+0800	[34mINFO[0m	FunHub/server.go:44	Got signal: interrupt
2023-03-30T19:03:51.625+0800	[34mINFO[0m	FunHub/server.go:48	Graceful Shutdown start 
2023-03-30T19:03:51.625+0800	[34mINFO[0m	FunHub/server.go:53	Graceful Shutdown end 
2023-03-30T19:04:04.016+0800	[35mDEBUG[0m	zlog/zlog.go:21	Initlogger finish
2023-03-30T19:04:04.018+0800	[34mINFO[0m	FunHub/server.go:30	starting httpserver at http:localhost:1210
2023-03-30T19:04:04.018+0800	[35mDEBUG[0m	FunHub/server.go:31	starting httpserver at http:localhost:1210_debug
2023-03-30T19:04:18.707+0800	[34mINFO[0m	FunHub/server.go:45	Got signal: interrupt
2023-03-30T19:04:18.707+0800	[34mINFO[0m	FunHub/server.go:49	Graceful Shutdown start 
2023-03-30T19:04:18.707+0800	[34mINFO[0m	FunHub/server.go:54	Graceful Shutdown end 
2023-03-30T19:04:22.149+0800	[35mDEBUG[0m	zlog/zlog.go:21	Initlogger finish
2023-03-30T19:04:22.150+0800	[34mINFO[0m	FunHub/server.go:30	starting httpserver at http:localhost:1210
2023-03-30T19:04:22.150+0800	[35mDEBUG[0m	FunHub/server.go:31	starting httpserver at http:localhost:1210_debug
2023-03-30T19:05:34.819+0800	[34mINFO[0m	FunHub/server.go:45	Got signal: interrupt
2023-03-30T19:05:34.819+0800	[34mINFO[0m	FunHub/server.go:49	Graceful Shutdown start 
2023-03-30T19:05:34.820+0800	[34mINFO[0m	FunHub/server.go:54	Graceful Shutdown end 
